<html>
<body>
<pre>
<h1>µVision Build Log</h1>
<h2>Tool Versions:</h2>
IDE-Version: µVision V5.35.0.0
Copyright (C) 2021 ARM Ltd and ARM Germany GmbH. All rights reserved.
License Information: James Steven Dulangon, None, LIC=----
 
Tool Versions:
Toolchain:       MDK-Lite  Version: 5.35.0.2
Toolchain Path:  D:\Keil_v5\ARM\ARMCC\Bin
C Compiler:      Armcc.exe V5.06 update 7 (build 960)
Assembler:       Armasm.exe V5.06 update 7 (build 960)
Linker/Locator:  ArmLink.exe V5.06 update 7 (build 960)
Library Manager: ArmAr.exe V5.06 update 7 (build 960)
Hex Converter:   FromElf.exe V5.06 update 7 (build 960)
CPU DLL:         SARMCM3.DLL V5.35.0.2
Dialog DLL:      DCM.DLL V1.17.3.0
Target DLL:      STLink\ST-LINKIII-KEIL_SWO.dll V3.0.9.0
Dialog DLL:      TCM.DLL V1.53.0.0
 
<h2>Project:</h2>
D:\STM32F446RE_Projects\MultiADC_I2CLCD_Joystick\MDK-ARM\MultiADC_I2CLCD_Joystick.uvprojx
Project File Date:  10/11/2021

<h2>Output:</h2>
*** Using Compiler 'V5.06 update 7 (build 960)', folder: 'D:\Keil_v5\ARM\ARMCC\Bin'
Build target 'MultiADC_I2CLCD_Joystick'
compiling i2c-lcd.c...
compiling main.c...
../Core/Src/main.c(161): warning:  #188-D: enumerated type mixed with another type
  				HAL_GPIO_WritePin(GPIOA, GPIO_PIN_5, 1);
../Core/Src/main.c(169): warning:  #188-D: enumerated type mixed with another type
  				HAL_GPIO_WritePin(GPIOA, GPIO_PIN_5, 1);
../Core/Src/main.c(178): warning:  #188-D: enumerated type mixed with another type
  				HAL_GPIO_WritePin(GPIOA, GPIO_PIN_5, 0);
../Core/Src/main.c(185): warning:  #188-D: enumerated type mixed with another type
  				HAL_GPIO_WritePin(GPIOA, GPIO_PIN_5, 1);
../Core/Src/main.c(193): warning:  #188-D: enumerated type mixed with another type
  				HAL_GPIO_WritePin(GPIOA, GPIO_PIN_5, 1);
../Core/Src/main.c(201): warning:  #188-D: enumerated type mixed with another type
  				HAL_GPIO_WritePin(GPIOA, GPIO_PIN_5, 0);
../Core/Src/main.c(216): warning:  #188-D: enumerated type mixed with another type
  				HAL_GPIO_WritePin(GPIOA, GPIO_PIN_5, 1);
../Core/Src/main.c(223): warning:  #188-D: enumerated type mixed with another type
  				HAL_GPIO_WritePin(GPIOA, GPIO_PIN_5, 1);
../Core/Src/main.c(231): warning:  #188-D: enumerated type mixed with another type
  				HAL_GPIO_WritePin(GPIOA, GPIO_PIN_5, 0);
../Core/Src/main.c(238): warning:  #188-D: enumerated type mixed with another type
  				HAL_GPIO_WritePin(GPIOA, GPIO_PIN_5, 1);
../Core/Src/main.c(246): warning:  #188-D: enumerated type mixed with another type
  				HAL_GPIO_WritePin(GPIOA, GPIO_PIN_5, 1);
../Core/Src/main.c(254): warning:  #188-D: enumerated type mixed with another type
  				HAL_GPIO_WritePin(GPIOA, GPIO_PIN_5, 0);
../Core/Src/main.c: 12 warnings, 0 errors
linking...
Program Size: Code=10454 RO-data=518 RW-data=36 ZI-data=2028  
FromELF: creating hex file...
"MultiADC_I2CLCD_Joystick\MultiADC_I2CLCD_Joystick.axf" - 0 Error(s), 12 Warning(s).

<h2>Software Packages used:</h2>

Package Vendor: ARM
                http://www.keil.com/pack/ARM.CMSIS.5.8.0.pack
                ARM.CMSIS.5.8.0
                CMSIS (Common Microcontroller Software Interface Standard)
   * Component: CORE Version: 5.5.0

Package Vendor: Keil
                http://www.keil.com/pack/Keil.STM32F4xx_DFP.2.15.0.pack
                Keil.STM32F4xx_DFP.2.15.0
                STMicroelectronics STM32F4 Series Device Support, Drivers and Examples

<h2>Collection of Component include folders:</h2>
  .\RTE\_MultiADC_I2CLCD_Joystick
  C:\Users\Fely\AppData\Local\Arm\Packs\ARM\CMSIS\5.8.0\CMSIS\Core\Include
  C:\Users\Fely\AppData\Local\Arm\Packs\Keil\STM32F4xx_DFP\2.15.0\Drivers\CMSIS\Device\ST\STM32F4xx\Include

<h2>Collection of Component Files used:</h2>

   * Component: ARM::CMSIS:CORE:5.5.0
      Include file:  CMSIS\Core\Include\tz_context.h
Build Time Elapsed:  00:00:10
</pre>
</body>
</html>
